// Jest Snapshot v1, https://goo.gl/fbAQLP

exports[`Testing component <FirstApp /> should match with snapshot 1`] = `
<div>
  <h1>
    First App Here
  </h1>
  <h2
    data-testid="test-title"
  >
    Hello, Im Goku!
  </h2>
  <p>
    123
  </p>
  <p>
    There is no name
  </p>
  <h3>
    My name is: Gisbel Torres
  </h3>
  <h4>
    My age is: 
    29
  </h4>
</div>
`;
